// Jest Snapshot v1, https://goo.gl/fbAQLP

exports[` Check snapshot 1`] = `
<div
  className="sc-e80d70df-0 kXiClh"
>
  <h2
    className="sc-1ef67e09-0 bWTTkQ desc-title"
    size="2rem"
  >
    Coding in Design
  </h2>
  <h3
    className="sc-31ba8a03-0 iygQXX desc-subtitle"
    size="1rem"
  >
    My mission is to write coding as beautifully as design and to make the whole team excited!
  </h3>
  <p
    className="sc-21bc2e1b-0 dyIjIH desc ja"
    id="souseki"
  >
    千葉出身。都内（銀座）での美容師経験があるウェブエンジニア。モデル撮影のために購入したmacを使っていたらPCの仕組みが気になり始め、気づいたらエンジニアに。人生まるごとクリエイティブだと思っている。人の髪をデザインしていた経験をIT業界へ活かせることはないか日々模索中。
  </p>
  <p
    className="sc-21bc2e1b-0 dyIjIH desc en"
    id="souseki2"
  >
    Born in Japan. Software engineer with experience as a beautician in Tokyo (Ginza). When he was using a mac he bought for a model shoot, he started to be interested in how PCs work, and he found himself becoming an engineer. He believes that one's entire life is creative. He is always looking for ways to apply his experience in designing people's hair to the IT industry.
  </p>
</div>
`;
