// Jest Snapshot v1, https://goo.gl/fbAQLP

exports[` Check snapshot 1`] = `
<div
  className="sc-e80d70df-0 kXiClh"
>
  <h2
    className="sc-1ef67e09-0 bWTTkQ desc-title"
    size="2rem"
  >
    Coding in Design
  </h2>
  <h3
    className="sc-31ba8a03-0 iygQXX desc-subtitle"
    size="1rem"
  >
    My mission is to write coding as beautifully as design and to make the whole team excited!
  </h3>
</div>
`;
